None 0 None 2 3 None 5 5 5 5
2 2 5 5 5 None 7 8 9 None
