None None 1 None None 4 4 4 7 7 9 9 7 12 4 14 14 16 17 17 19 16 16 22 4 24 24 26 27 26 26 30 26 32 32 26 4 36 36 38 39 36 41 36 43 36 45 36 47 48
1 3 3 4 None 6 7 14 9 12 11 12 14 14 24 16 24 21 19 21 21 22 24 24 36 26 36 29 29 30 32 32 35 34 35 36 None 38 41 41 41 43 43 45 45 47 47 None None None
