None 0 0 None 3 4 None 6 7 6 6 10 10 12 10 6 15 16 15 6 19 20 20 None 23 24 None 26 27 28 26 30 31 30 33 26 26 36 36 38 39 36 41 42 41 44 41 41 47 26 49 50 49 26 53 54 53 56 56 56 59 59 59 56 63 64 64 66 26 68 68 26 71 72 71 71 75 75 77 78 77 71 81 81 83 81 71 86 71 88 89 26 91 91 93 93 95 95 95 98
3 2 3 6 6 6 23 9 9 10 15 12 14 14 15 19 18 18 19 23 23 22 23 26 26 26 None 30 30 30 35 33 33 35 35 36 49 38 41 41 41 49 44 44 46 46 47 49 49 53 52 52 53 68 56 56 68 58 59 63 61 62 63 68 68 66 68 68 71 70 71 91 74 74 75 81 77 81 80 80 81 86 83 85 85 86 88 88 91 91 91 None 93 None 95 None 97 98 None None
