142.55708704611882
147.39132326856412
141.66236821555435
142.3079904687238
141.78453040503078
143.4928149164505
141.67633143230023
141.5635985570538
151.85301099980506
142.38154431140885
164.0563423709229
150.20064153804503
163.5159490870571
147.89020470019886
176.5494809788674
158.4445814603574
150.94540124639732
144.51939245691386
156.9148873153244
148.7520529399437
