142.27212723205542
141.93512214113778
146.03964508900123
141.73113987097776
181.22889741990954
189.65663811479985
170.42259660337558
178.5422204829285
158.63452631741526
160.82946687615933
156.91109882753923
159.04439449510463
145.61751754920917
147.6779874174552
141.4609839357773
141.56175953583028
168.48144445372606
151.33340128131124
173.9107418492973
155.5120560176192
148.4022306266807
141.60127730849493
149.62107077273876
141.89051064348058
167.89223949709384
170.48140138461162
152.26640351567755
154.33429418585985
142.47833749361766
143.05828927363797
141.65835551147933
141.97194149025694
