148.10929299521422
142.31641867593646
146.7277613648473
145.92331229770446
195.9776185154676
206.79370578877342
175.59689529064806
182.87448080719483
158.7077484875722
160.82946687615933
156.91109882753923
159.306213806797
148.62290499223474
147.8059941221552
142.31641867593646
143.58064346358256
169.6847716329321
153.69072680313636
173.9107418492973
158.59484677892326
150.68678062147356
143.13007533164017
150.61343992460533
144.51668826756466
171.07508152693998
195.3330903378794
153.6271762459075
155.5285815571134
143.96092704284465
143.44139031075377
142.32891760459552
143.1706149364189
