146.50742201235857
146.64227463583484
149.72325664507423
167.58980592777394
142.21506820301116
148.47776358310065
146.97158828873557
149.72325664507423
144.0831353730151
158.08802767516823
169.3176162648603
160.39436584851407
160.05081735137466
160.05081735137466
148.81373662081745
