148.4618159176421
141.96321511177365
158.65095024423778
145.42972691562892
167.0361991522238
184.23698513445748
157.87813078475335
170.893783911904
165.6198341701758
149.16465455471786
177.47294341210625
160.33037033641222
142.41587705864094
142.0749608765752
143.56044077864303
141.9704163208998
143.95091350102012
152.92667720206092
142.6513583527623
144.06452202165661
157.41303250919256
148.3237044134815
159.93770423068364
150.51927704799206
144.4198245918732
154.60581540830864
142.1702261131603
150.71464810685413
145.38668587098059
153.94628710273446
142.88233864685392
150.25036732006294
142.3872430244503
142.99428168772158
141.96321511177365
142.2723196352147
144.6107507357014
157.28799844786198
142.70196780622234
155.21933003201235
