148.54336854690155
147.47721563402757
141.75558409702836
147.09964826066482
144.49866707174516
145.25871215540374
141.75558409702836
144.70880258929742
154.11654459068993
142.46683640471508
184.75249655773405
153.86284995773434
165.91660511273295
148.06005943572455
179.6653117275668
161.9382250700225
153.3023600152252
144.51939245691386
157.31129925712943
150.04931812551106
