150.76947909276663
152.6421832498938
152.45541053574073
180.05454015421918
144.40467383027962
153.7577676900737
150.84435645915465
152.45541053574073
148.87256103396118
179.6527019065418
179.13272898152744
168.7852870826208
162.26476096419265
162.26476096419265
152.44727677803883
